npm warn Unknown user config "msvs_version". This will stop working in the next major version of npm. See `npm help npmrc` for supported config options.
npm warn Unknown user config "python". This will stop working in the next major version of npm. See `npm help npmrc` for supported config options.
- Cleaning dist dir D:/PROGRAMMING/MyGithub/tradingJournal/backend/dist
√ Cleaning dist dir (4ms)
- Loading Strapi
- Building build context
√ Building build context (82ms)
- Creating admin
Browserslist: browsers data (caniuse-lite) is 7 months old. Please run:
  npx update-browserslist-db@latest
  Why you should do it regularly: https://github.com/browserslist/update-db#readme
√ Creating admin (505ms)
√ Loading Strapi (2473ms)
- Generating types
√ Generating types (713ms)
- Compiling TS
- Cleaning dist dir D:/PROGRAMMING/MyGithub/tradingJournal/backend/dist
√ Cleaning dist dir (101ms)
√ Compiling TS (1995ms)
- Cleaning dist dir D:/PROGRAMMING/MyGithub/tradingJournal/backend/dist
√ Cleaning dist dir (22ms)
- Loading Strapi
- Building build context
√ Building build context (66ms)
- Creating admin
Browserslist: browsers data (caniuse-lite) is 7 months old. Please run:
  npx update-browserslist-db@latest
  Why you should do it regularly: https://github.com/browserslist/update-db#readme
√ Creating admin (326ms)
√ Loading Strapi (1830ms)
- Generating types
√ Generating types (572ms)
- Compiling TS
- Cleaning dist dir D:/PROGRAMMING/MyGithub/tradingJournal/backend/dist
√ Cleaning dist dir (118ms)
√ Compiling TS (2784ms)
- Cleaning dist dir D:/PROGRAMMING/MyGithub/tradingJournal/backend/dist
√ Cleaning dist dir (24ms)
- Loading Strapi
- Building build context
√ Building build context (71ms)
- Creating admin
Browserslist: browsers data (caniuse-lite) is 7 months old. Please run:
  npx update-browserslist-db@latest
  Why you should do it regularly: https://github.com/browserslist/update-db#readme
√ Creating admin (354ms)
√ Loading Strapi (2002ms)
- Generating types
√ Generating types (526ms)
- Compiling TS
- Cleaning dist dir D:/PROGRAMMING/MyGithub/tradingJournal/backend/dist
√ Cleaning dist dir (89ms)
√ Compiling TS (2047ms)
- Cleaning dist dir D:/PROGRAMMING/MyGithub/tradingJournal/backend/dist
√ Cleaning dist dir (22ms)
- Loading Strapi
- Building build context
√ Building build context (60ms)
- Creating admin
Browserslist: browsers data (caniuse-lite) is 7 months old. Please run:
  npx update-browserslist-db@latest
  Why you should do it regularly: https://github.com/browserslist/update-db#readme
√ Creating admin (319ms)
√ Loading Strapi (1726ms)
- Generating types
√ Generating types (559ms)
- Compiling TS
- Cleaning dist dir D:/PROGRAMMING/MyGithub/tradingJournal/backend/dist
√ Cleaning dist dir (95ms)
√ Compiling TS (2463ms)
