
> backend@0.1.0 develop
> strapi develop

[2026-07-16 00:48:41.724] [33mwarn[39m: admin.auth.options.expiresIn is deprecated and will be removed in Strapi 6. Please configure admin.auth.sessions.maxRefreshTokenLifespan and admin.auth.sessions.maxSessionLifespan.

[INFO] Including the following ENV variables as part of the JS bundle:
    - ADMIN_PATH
    - STRAPI_ADMIN_BACKEND_URL
    - STRAPI_TELEMETRY_DISABLED
    - STRAPI_AI_URL
    - STRAPI_ANALYTICS_URL
Re-optimizing dependencies because lockfile has changed

 Project information

[90m┌────────────────────[39m[90m┬──────────────────────────────────────────────────┐[39m
[90m│[39m Time               [90m│[39m Thu Jul 16 2026 00:48:45 GMT+0700 (Indochina Ti… [90m│[39m
[90m│[39m Launched in        [90m│[39m 5188 ms                                          [90m│[39m
[90m│[39m Environment        [90m│[39m development                                      [90m│[39m
[90m│[39m Process PID        [90m│[39m 37600                                            [90m│[39m
[90m│[39m Version            [90m│[39m 5.31.3 (node v24.14.1)                           [90m│[39m
[90m│[39m Edition            [90m│[39m Community                                        [90m│[39m
[90m│[39m Database           [90m│[39m postgres                                         [90m│[39m
[90m│[39m Database name      [90m│[39m tradingjournaldev                                [90m│[39m
[90m│[39m Database schema    [90m│[39m public                                           [90m│[39m
[90m└────────────────────[39m[90m┴──────────────────────────────────────────────────┘[39m

 Actions available

Welcome back!
To access the server ⚡️, go to:
http://localhost:1337

[2026-07-16 00:48:45.255] [32minfo[39m: Strapi started successfully
[2026-07-16 00:48:53.420] [32mhttp[39m: GET / (8 ms) 302
[2026-07-16 00:48:53.446] [32mhttp[39m: GET /admin (24 ms) 200
[2026-07-16 00:49:15.710] [32mhttp[39m: POST /api/news-analyses/refresh (12625 ms) 200
[2026-07-16 00:49:30.556] [32minfo[39m: File changed: D:\PROGRAMMING\MyGithub\tradingJournal\backend\src\api\news-analysis\controllers\news-analysis.ts
[2026-07-16 00:49:32.612] [32minfo[39m: Shutting down Strapi
[2026-07-16 00:49:32.712] [32minfo[39m: Strapi has been shut down
[2026-07-16 00:49:36.038] [33mwarn[39m: admin.auth.options.expiresIn is deprecated and will be removed in Strapi 6. Please configure admin.auth.sessions.maxRefreshTokenLifespan and admin.auth.sessions.maxSessionLifespan.

[INFO] Including the following ENV variables as part of the JS bundle:
    - ADMIN_PATH
    - STRAPI_ADMIN_BACKEND_URL
    - STRAPI_TELEMETRY_DISABLED
    - STRAPI_AI_URL
    - STRAPI_ANALYTICS_URL

 Project information

[90m┌────────────────────[39m[90m┬──────────────────────────────────────────────────┐[39m
[90m│[39m Time               [90m│[39m Thu Jul 16 2026 00:49:39 GMT+0700 (Indochina Ti… [90m│[39m
[90m│[39m Launched in        [90m│[39m 5198 ms                                          [90m│[39m
[90m│[39m Environment        [90m│[39m development                                      [90m│[39m
[90m│[39m Process PID        [90m│[39m 19452                                            [90m│[39m
[90m│[39m Version            [90m│[39m 5.31.3 (node v24.14.1)                           [90m│[39m
[90m│[39m Edition            [90m│[39m Community                                        [90m│[39m
[90m│[39m Database           [90m│[39m postgres                                         [90m│[39m
[90m│[39m Database name      [90m│[39m tradingjournaldev                                [90m│[39m
[90m│[39m Database schema    [90m│[39m public                                           [90m│[39m
[90m└────────────────────[39m[90m┴──────────────────────────────────────────────────┘[39m

 Actions available

Welcome back!
To access the server ⚡️, go to:
http://localhost:1337

[2026-07-16 00:49:39.958] [32minfo[39m: Strapi started successfully
[2026-07-16 00:49:51.599] [32mhttp[39m: POST /api/news-analyses/refresh (8942 ms) 200
[2026-07-16 00:50:17.791] [32minfo[39m: File changed: D:\PROGRAMMING\MyGithub\tradingJournal\backend\src\api\news-analysis\controllers\news-analysis.ts
[2026-07-16 00:50:19.709] [32minfo[39m: Shutting down Strapi
[2026-07-16 00:50:19.726] [32minfo[39m: Strapi has been shut down
[2026-07-16 00:50:23.020] [33mwarn[39m: admin.auth.options.expiresIn is deprecated and will be removed in Strapi 6. Please configure admin.auth.sessions.maxRefreshTokenLifespan and admin.auth.sessions.maxSessionLifespan.

[INFO] Including the following ENV variables as part of the JS bundle:
    - ADMIN_PATH
    - STRAPI_ADMIN_BACKEND_URL
    - STRAPI_TELEMETRY_DISABLED
    - STRAPI_AI_URL
    - STRAPI_ANALYTICS_URL

 Project information

[90m┌────────────────────[39m[90m┬──────────────────────────────────────────────────┐[39m
[90m│[39m Time               [90m│[39m Thu Jul 16 2026 00:50:26 GMT+0700 (Indochina Ti… [90m│[39m
[90m│[39m Launched in        [90m│[39m 4576 ms                                          [90m│[39m
[90m│[39m Environment        [90m│[39m development                                      [90m│[39m
[90m│[39m Process PID        [90m│[39m 12096                                            [90m│[39m
[90m│[39m Version            [90m│[39m 5.31.3 (node v24.14.1)                           [90m│[39m
[90m│[39m Edition            [90m│[39m Community                                        [90m│[39m
[90m│[39m Database           [90m│[39m postgres                                         [90m│[39m
[90m│[39m Database name      [90m│[39m tradingjournaldev                                [90m│[39m
[90m│[39m Database schema    [90m│[39m public                                           [90m│[39m
[90m└────────────────────[39m[90m┴──────────────────────────────────────────────────┘[39m

 Actions available

Welcome back!
To access the server ⚡️, go to:
http://localhost:1337

[2026-07-16 00:50:26.239] [32minfo[39m: Strapi started successfully
[2026-07-16 00:50:36.320] [32minfo[39m: File changed: D:\PROGRAMMING\MyGithub\tradingJournal\backend\src\api\news-analysis\controllers\news-analysis.ts
[2026-07-16 00:50:38.161] [32minfo[39m: Shutting down Strapi
[2026-07-16 00:50:38.182] [32minfo[39m: Strapi has been shut down
[2026-07-16 00:50:41.265] [33mwarn[39m: admin.auth.options.expiresIn is deprecated and will be removed in Strapi 6. Please configure admin.auth.sessions.maxRefreshTokenLifespan and admin.auth.sessions.maxSessionLifespan.

[INFO] Including the following ENV variables as part of the JS bundle:
    - ADMIN_PATH
    - STRAPI_ADMIN_BACKEND_URL
    - STRAPI_TELEMETRY_DISABLED
    - STRAPI_AI_URL
    - STRAPI_ANALYTICS_URL

 Project information

[90m┌────────────────────[39m[90m┬──────────────────────────────────────────────────┐[39m
[90m│[39m Time               [90m│[39m Thu Jul 16 2026 00:50:44 GMT+0700 (Indochina Ti… [90m│[39m
[90m│[39m Launched in        [90m│[39m 4755 ms                                          [90m│[39m
[90m│[39m Environment        [90m│[39m development                                      [90m│[39m
[90m│[39m Process PID        [90m│[39m 4772                                             [90m│[39m
[90m│[39m Version            [90m│[39m 5.31.3 (node v24.14.1)                           [90m│[39m
[90m│[39m Edition            [90m│[39m Community                                        [90m│[39m
[90m│[39m Database           [90m│[39m postgres                                         [90m│[39m
[90m│[39m Database name      [90m│[39m tradingjournaldev                                [90m│[39m
[90m│[39m Database schema    [90m│[39m public                                           [90m│[39m
[90m└────────────────────[39m[90m┴──────────────────────────────────────────────────┘[39m

 Actions available

Welcome back!
To access the server ⚡️, go to:
http://localhost:1337

[2026-07-16 00:50:44.850] [32minfo[39m: Strapi started successfully
[2026-07-16 00:51:15.192] [32mhttp[39m: POST /api/news-analyses/refresh (27505 ms) 200
